[
  {
    "Message": "Unable to resolve type reference `Unicorn!`."
  }
]
