[
  {
    "Message": "Could not parse Schema"
  }
]
