{
  "Components": {
    "Nodes": [
      {
        "Id": "Q29tcG9uZW50CmcxMDAwMDAwMDAwMDAwMDAwMDAwMDAwMDAwMDAwMDAwMA==",
        "Name": "Component 1",
        "Version": 1,
        "Schema": {
          "RootElement": {
            "ValueKind": "Array"
          }
        },
        "SchemaSdl": "type Configuration {\n    field: String!\n    nestedField: NestedConfiguration!\n}\ntype NestedConfiguration {\n    field: String!\n}",
        "Defaults": {
          "RootElement": {
            "ValueKind": "Object"
          }
        },
        "Values": {
          "RootElement": {
            "ValueKind": "Object"
          }
        },
        "State": "Active",
        "SchemaViolations": [],
        "Scopes": [
          {
            "Application": null,
            "Namespace": "Test",
            "ApplicationPart": null
          }
        ]
      },
      {
        "Id": "Q29tcG9uZW50CmcyMDAwMDAwMDAwMDAwMDAwMDAwMDAwMDAwMDAwMDAwMA==",
        "Name": "Component 2",
        "Version": 1,
        "Schema": {
          "RootElement": {
            "ValueKind": "Array"
          }
        },
        "SchemaSdl": "type Configuration {\n    field: String!\n    nestedField: NestedConfiguration!\n}\ntype NestedConfiguration {\n    field: String!\n}",
        "Defaults": {
          "RootElement": {
            "ValueKind": "Object"
          }
        },
        "Values": {
          "RootElement": {
            "ValueKind": "Object"
          }
        },
        "State": "Active",
        "SchemaViolations": [],
        "Scopes": [
          {
            "Application": null,
            "Namespace": "Test",
            "ApplicationPart": null
          }
        ]
      }
    ]
  }
}
