[
  {
    "__typename": "UnauthorizedOperationError",
    "Code": "UNAUTHORIZED_OPERATION_EXCEPTION",
    "Message": "You are not allowed to perform this operation"
  }
]
