[
  {
    "__typename": "SchemaInvalidError",
    "Code": "SchemaInvalidError",
    "Message": "The Provided sdl is not valid"
  }
]
