{
  "Id": "Q29tcG9uZW50CmcwMDAwMDAwMDAwMDAwMDAwMDAwMDAwMDAwMDAwMDAwMw==",
  "Version": 2,
  "Name": "Test Component",
  "Schema": "type Configuration {\n  field: String!\n  nestedField: NestedConfiguration!\n}\n\ntype NestedConfiguration {\n  field: String!\n}",
  "Values": {
    "field": "updatedNested",
    "nestedField": {
      "field": "updatedNested"
    }
  },
  "Scopes": [
    {
      "__typename": "NamespaceComponentScope",
      "Namespace": "Test"
    }
  ]
}
