[
  {
    "__typename": "ValueSchemaViolation",
    "Code": "ValueSchemaViolation",
    "Message": "Values has invalid structure."
  }
]
