[
  {
    "Id": "4674d60d-7f3e-4b54-8bfb-b484303f62b0",
    "Key": {
      "VariableId": null,
      "ApplicationId": null,
      "PartId": null,
      "EnvironmentId": null
    },
    "Value": "",
    "Encryption": null
  }
]
