{
  "Id": "ddf1670c-b4ff-4926-ac39-f6a7bdd3d341",
  "Key": {
    "VariableId": null,
    "ApplicationId": null,
    "PartId": null,
    "EnvironmentId": null
  },
  "Value": "This is a insertion test value 0.",
  "Encryption": null
}
